19:14:50.433086 IP 104.18.39.21.443 > 172.16.243.131.39208: Flags [P.], seq 2488514971:2488514995, ack 854614480, win 64240, length 24
19:14:50.433405 IP 172.16.243.131.39208 > 104.18.39.21.443: Flags [P.], seq 1:29, ack 24, win 65535, length 28
19:14:50.433837 IP 104.18.39.21.443 > 172.16.243.131.39208: Flags [.], ack 29, win 64240, length 0
19:14:58.542233 IP 172.16.243.1.50981 > 239.255.255.250.1900: UDP, length 173
19:14:59.543693 IP 172.16.243.1.50981 > 239.255.255.250.1900: UDP, length 173
19:15:00.543908 IP 172.16.243.1.50981 > 239.255.255.250.1900: UDP, length 173
19:15:01.544662 IP 172.16.243.1.50981 > 239.255.255.250.1900: UDP, length 173
19:15:02.322447 IP 172.16.243.131.55153 > 172.16.243.2.53: 1635+ [1au] A? ntp.ubuntu.com. (43)
19:15:02.322906 IP 172.16.243.131.49903 > 172.16.243.2.53: 9620+ [1au] AAAA? ntp.ubuntu.com. (43)
19:15:02.349006 IP 172.16.243.2.53 > 172.16.243.131.55153: 1635 4/0/1 A 185.125.190.58, A 185.125.190.57, A 91.189.91.157, A 185.125.190.56 (107)
19:15:02.409719 IP 172.16.243.2.53 > 172.16.243.131.49903: 9620 3/0/1 AAAA 2620:2d:4000:1::3f, AAAA 2620:2d:4000:1::41, AAAA 2620:2d:4000:1::40 (127)
19:15:02.410585 IP 172.16.243.131.39655 > 185.125.190.58.123: NTPv4, Client, length 48
19:15:10.602672 IP 104.18.39.21.443 > 172.16.243.131.39208: Flags [P.], seq 24:48, ack 29, win 64240, length 24
19:15:10.603009 IP 172.16.243.131.39208 > 104.18.39.21.443: Flags [P.], seq 29:57, ack 48, win 65535, length 28
19:15:10.603607 IP 104.18.39.21.443 > 172.16.243.131.39208: Flags [.], ack 57, win 64240, length 0
19:15:12.572687 IP 172.16.243.131.48688 > 185.125.190.57.123: NTPv4, Client, length 48
19:15:22.821243 IP 172.16.243.131.36200 > 91.189.91.157.123: NTPv4, Client, length 48
19:15:24.730034 IP 172.16.243.131.34475 > 172.16.243.2.53: 51334+ [1au] A? ads.mozilla.org. (44)
19:15:24.730257 IP 172.16.243.131.44217 > 172.16.243.2.53: 20430+ [1au] AAAA? ads.mozilla.org. (44)
19:15:24.745641 IP 172.16.243.2.53 > 172.16.243.131.34475: 51334 2/0/1 CNAME mozilla.map.fastly.net., A 151.101.61.91 (96)
19:15:24.745641 IP 172.16.243.2.53 > 172.16.243.131.44217: 20430 2/0/1 CNAME mozilla.map.fastly.net., AAAA 2a04:4e42:f::347 (108)
19:15:24.748647 IP 172.16.243.131.58738 > 151.101.61.91.443: Flags [S], seq 172155350, win 64240, options [mss 1460,sackOK,TS val 3303722039 ecr 0,nop,wscale 10], length 0
19:15:24.753310 IP 151.101.61.91.443 > 172.16.243.131.58738: Flags [S.], seq 3369053675, ack 172155351, win 64240, options [mss 1460], length 0
19:15:24.753347 IP 172.16.243.131.58738 > 151.101.61.91.443: Flags [.], ack 1, win 64240, length 0
19:15:24.755327 IP 172.16.243.131.58738 > 151.101.61.91.443: Flags [P.], seq 1:2348, ack 1, win 64240, length 2347
19:15:24.755572 IP 172.16.243.131.58738 > 151.101.61.91.443: Flags [P.], seq 2348:2354, ack 1, win 64240, length 6
19:15:24.755615 IP 151.101.61.91.443 > 172.16.243.131.58738: Flags [.], ack 1461, win 64240, length 0
19:15:24.755615 IP 151.101.61.91.443 > 172.16.243.131.58738: Flags [.], ack 2348, win 64240, length 0
19:15:24.755685 IP 151.101.61.91.443 > 172.16.243.131.58738: Flags [.], ack 2354, win 64240, length 0
19:15:24.755963 IP 172.16.243.131.58738 > 151.101.61.91.443: Flags [P.], seq 2354:2446, ack 1, win 64240, length 92
19:15:24.756214 IP 151.101.61.91.443 > 172.16.243.131.58738: Flags [.], ack 2446, win 64240, length 0
19:15:24.768556 IP 151.101.61.91.443 > 172.16.243.131.58738: Flags [P.], seq 1:1222, ack 2446, win 64240, length 1221
19:15:24.768588 IP 172.16.243.131.58738 > 151.101.61.91.443: Flags [.], ack 1222, win 65535, length 0
19:15:25.044217 IP 151.101.61.91.443 > 172.16.243.131.58738: Flags [P.], seq 1222:1619, ack 2446, win 64240, length 397
19:15:25.044284 IP 172.16.243.131.58738 > 151.101.61.91.443: Flags [.], ack 1619, win 65535, length 0
19:15:25.045810 IP 172.16.243.131.58738 > 151.101.61.91.443: Flags [P.], seq 2446:2530, ack 1619, win 65535, length 84
19:15:25.046073 IP 151.101.61.91.443 > 172.16.243.131.58738: Flags [.], ack 2530, win 64240, length 0
19:15:25.046431 IP 172.16.243.131.58738 > 151.101.61.91.443: Flags [P.], seq 2530:2561, ack 1619, win 65535, length 31
19:15:25.046607 IP 151.101.61.91.443 > 172.16.243.131.58738: Flags [.], ack 2561, win 64240, length 0
19:15:25.046687 IP 172.16.243.131.58738 > 151.101.61.91.443: Flags [P.], seq 2561:2771, ack 1619, win 65535, length 210
19:15:25.046719 IP 172.16.243.131.58738 > 151.101.61.91.443: Flags [P.], seq 2771:3025, ack 1619, win 65535, length 254
19:15:25.046869 IP 151.101.61.91.443 > 172.16.243.131.58738: Flags [.], ack 2771, win 64240, length 0
19:15:25.046869 IP 151.101.61.91.443 > 172.16.243.131.58738: Flags [.], ack 3025, win 64240, length 0
19:15:25.245428 IP 34.107.243.93.443 > 172.16.243.131.46640: Flags [FP.], seq 406972018, ack 2011751038, win 64240, length 0
19:15:25.246040 IP 172.16.243.131.46640 > 34.107.243.93.443: Flags [P.], seq 1:25, ack 1, win 62884, length 24
19:15:25.246263 IP 172.16.243.131.46640 > 34.107.243.93.443: Flags [F.], seq 25, ack 1, win 62884, length 0
19:15:25.246744 IP 34.107.243.93.443 > 172.16.243.131.46640: Flags [.], ack 25, win 64240, length 0
19:15:25.246744 IP 34.107.243.93.443 > 172.16.243.131.46640: Flags [.], ack 26, win 64239, length 0
19:15:25.450989 IP 151.101.61.91.443 > 172.16.243.131.58738: Flags [P.], seq 1619:12974, ack 3025, win 64240, length 11355
19:15:25.451155 IP 172.16.243.131.58738 > 151.101.61.91.443: Flags [.], ack 12974, win 65535, length 0
19:15:25.454430 IP 151.101.61.91.443 > 172.16.243.131.58738: Flags [P.], seq 12974:13337, ack 3025, win 64240, length 363
19:15:25.495378 IP 172.16.243.131.58738 > 151.101.61.91.443: Flags [.], ack 13337, win 65535, length 0
19:15:30.299510 IP 172.16.243.131.56127 > 172.16.243.2.53: 12059+ [1au] A? push.services.mozilla.com. (54)
19:15:30.299653 IP 172.16.243.131.51102 > 172.16.243.2.53: 12640+ [1au] AAAA? push.services.mozilla.com. (54)
19:15:30.305310 IP 172.16.243.2.53 > 172.16.243.131.51102: 12640 0/1/1 (135)
19:15:30.472624 IP 104.18.39.21.443 > 172.16.243.131.39208: Flags [P.], seq 48:72, ack 57, win 64240, length 24
19:15:30.472624 IP 172.16.243.2.53 > 172.16.243.131.56127: 12059 1/0/1 A 34.107.243.93 (70)
19:15:30.473205 IP 172.16.243.131.39208 > 104.18.39.21.443: Flags [P.], seq 57:85, ack 72, win 65535, length 28
19:15:30.473370 IP 104.18.39.21.443 > 172.16.243.131.39208: Flags [.], ack 85, win 64240, length 0
19:15:30.475344 IP 172.16.243.131.57548 > 34.107.243.93.443: Flags [S], seq 1810488887, win 64240, options [mss 1460,sackOK,TS val 1876132112 ecr 0,nop,wscale 10], length 0
19:15:30.480818 IP 34.107.243.93.443 > 172.16.243.131.57548: Flags [S.], seq 1856681747, ack 1810488888, win 64240, options [mss 1460], length 0
19:15:30.480883 IP 172.16.243.131.57548 > 34.107.243.93.443: Flags [.], ack 1, win 64240, length 0
19:15:30.482258 IP 172.16.243.131.57548 > 34.107.243.93.443: Flags [P.], seq 1:2526, ack 1, win 64240, length 2525
19:15:30.482503 IP 34.107.243.93.443 > 172.16.243.131.57548: Flags [.], ack 1461, win 64240, length 0
19:15:30.482503 IP 34.107.243.93.443 > 172.16.243.131.57548: Flags [.], ack 2526, win 64240, length 0
19:15:30.505281 IP 34.107.243.93.443 > 172.16.243.131.57548: Flags [P.], seq 1:134, ack 2526, win 64240, length 133
19:15:30.505371 IP 172.16.243.131.57548 > 34.107.243.93.443: Flags [.], ack 134, win 64107, length 0
19:15:30.509023 IP 34.107.243.93.443 > 172.16.243.131.57548: Flags [P.], seq 134:213, ack 2526, win 64240, length 79
19:15:30.509087 IP 172.16.243.131.57548 > 34.107.243.93.443: Flags [.], ack 213, win 64028, length 0
19:15:30.509383 IP 172.16.243.131.57548 > 34.107.243.93.443: Flags [P.], seq 2526:2590, ack 213, win 64028, length 64
19:15:30.509564 IP 34.107.243.93.443 > 172.16.243.131.57548: Flags [.], ack 2590, win 64240, length 0
19:15:30.509811 IP 172.16.243.131.57548 > 34.107.243.93.443: Flags [P.], seq 2590:2682, ack 213, win 64028, length 92
19:15:30.509955 IP 34.107.243.93.443 > 172.16.243.131.57548: Flags [.], ack 2682, win 64240, length 0
19:15:30.516957 IP 34.107.243.93.443 > 172.16.243.131.57548: Flags [P.], seq 213:831, ack 2682, win 64240, length 618
19:15:30.517360 IP 172.16.243.131.57548 > 34.107.243.93.443: Flags [P.], seq 2682:2713, ack 831, win 63410, length 31
19:15:30.517580 IP 34.107.243.93.443 > 172.16.243.131.57548: Flags [.], ack 2713, win 64240, length 0
19:15:30.518776 IP 172.16.243.131.57556 > 34.107.243.93.443: Flags [S], seq 389014850, win 64240, options [mss 1460,sackOK,TS val 1876132156 ecr 0,nop,wscale 10], length 0
19:15:30.524677 IP 34.107.243.93.443 > 172.16.243.131.57548: Flags [P.], seq 831:862, ack 2713, win 64240, length 31
19:15:30.524677 IP 34.107.243.93.443 > 172.16.243.131.57556: Flags [S.], seq 726761836, ack 389014851, win 64240, options [mss 1460], length 0
19:15:30.524758 IP 172.16.243.131.57556 > 34.107.243.93.443: Flags [.], ack 1, win 64240, length 0
19:15:30.526753 IP 172.16.243.131.57556 > 34.107.243.93.443: Flags [P.], seq 1:1251, ack 1, win 64240, length 1250
19:15:30.526978 IP 34.107.243.93.443 > 172.16.243.131.57556: Flags [.], ack 1251, win 64240, length 0
19:15:30.565396 IP 172.16.243.131.57548 > 34.107.243.93.443: Flags [.], ack 862, win 63379, length 0
19:15:30.570246 IP 34.107.243.93.443 > 172.16.243.131.57556: Flags [P.], seq 1:134, ack 1251, win 64240, length 133
19:15:30.570298 IP 172.16.243.131.57556 > 34.107.243.93.443: Flags [.], ack 134, win 64107, length 0
19:15:30.583653 IP 34.107.243.93.443 > 172.16.243.131.57556: Flags [P.], seq 134:219, ack 1251, win 64240, length 85
19:15:30.583710 IP 172.16.243.131.57556 > 34.107.243.93.443: Flags [.], ack 219, win 64022, length 0
19:15:30.583980 IP 172.16.243.131.57556 > 34.107.243.93.443: Flags [P.], seq 1251:1315, ack 219, win 64022, length 64
19:15:30.584182 IP 34.107.243.93.443 > 172.16.243.131.57556: Flags [.], ack 1315, win 64240, length 0
19:15:30.584214 IP 172.16.243.131.57556 > 34.107.243.93.443: Flags [P.], seq 1315:1927, ack 219, win 64022, length 612
19:15:30.584377 IP 34.107.243.93.443 > 172.16.243.131.57556: Flags [.], ack 1927, win 64240, length 0
19:15:31.186044 IP 34.107.243.93.443 > 172.16.243.131.57556: Flags [P.], seq 219:1026, ack 1927, win 64240, length 807
19:15:31.191875 IP 172.16.243.131.57556 > 34.107.243.93.443: Flags [P.], seq 1927:2066, ack 1026, win 63215, length 139
19:15:31.192089 IP 34.107.243.93.443 > 172.16.243.131.57556: Flags [.], ack 2066, win 64240, length 0
19:15:31.601238 IP 34.107.243.93.443 > 172.16.243.131.57556: Flags [P.], seq 1026:1218, ack 2066, win 64240, length 192
19:15:31.607630 IP 172.16.243.131.43462 > 172.16.243.2.53: 20686+ [1au] A? firefox.settings.services.mozilla.com. (66)
19:15:31.608004 IP 172.16.243.131.56351 > 172.16.243.2.53: 47262+ [1au] AAAA? firefox.settings.services.mozilla.com. (66)
19:15:31.609295 IP 172.16.243.131.58740 > 151.101.61.91.443: Flags [S], seq 1880157213, win 64240, options [mss 1460,sackOK,TS val 3303728899 ecr 0,nop,wscale 10], length 0
19:15:31.641622 IP 172.16.243.131.57556 > 34.107.243.93.443: Flags [.], ack 1218, win 63023, length 0
19:15:31.779622 IP 172.16.243.2.53 > 172.16.243.131.43462: 20686 2/0/1 CNAME mozilla.map.fastly.net., A 151.101.61.91 (118)
19:15:31.779622 IP 172.16.243.2.53 > 172.16.243.131.56351: 47262 2/0/1 CNAME mozilla.map.fastly.net., AAAA 2a04:4e42:f::347 (130)
19:15:31.779622 IP 151.101.61.91.443 > 172.16.243.131.58740: Flags [S.], seq 907313376, ack 1880157214, win 64240, options [mss 1460], length 0
19:15:31.779701 IP 172.16.243.131.58740 > 151.101.61.91.443: Flags [.], ack 1, win 64240, length 0
19:15:31.780229 IP 172.16.243.131.58740 > 151.101.61.91.443: Flags [P.], seq 1:518, ack 1, win 64240, length 517
19:15:31.780416 IP 151.101.61.91.443 > 172.16.243.131.58740: Flags [.], ack 518, win 64240, length 0
19:15:31.787960 IP 151.101.61.91.443 > 172.16.243.131.58740: Flags [P.], seq 1:157, ack 518, win 64240, length 156
19:15:31.787997 IP 172.16.243.131.58740 > 151.101.61.91.443: Flags [.], ack 157, win 64084, length 0
19:15:31.788254 IP 172.16.243.131.58740 > 151.101.61.91.443: Flags [P.], seq 518:569, ack 157, win 64084, length 51
19:15:31.788490 IP 151.101.61.91.443 > 172.16.243.131.58740: Flags [.], ack 569, win 64240, length 0
19:15:31.788674 IP 172.16.243.131.58740 > 151.101.61.91.443: Flags [P.], seq 569:668, ack 157, win 64084, length 99
19:15:31.788739 IP 172.16.243.131.58740 > 151.101.61.91.443: Flags [P.], seq 668:938, ack 157, win 64084, length 270
19:15:31.788768 IP 151.101.61.91.443 > 172.16.243.131.58740: Flags [.], ack 668, win 64240, length 0
19:15:31.788835 IP 151.101.61.91.443 > 172.16.243.131.58740: Flags [.], ack 938, win 64240, length 0
19:15:31.854924 IP 151.101.61.91.443 > 172.16.243.131.58740: Flags [P.], seq 157:229, ack 938, win 64240, length 72
19:15:31.855220 IP 172.16.243.131.58740 > 151.101.61.91.443: Flags [P.], seq 938:976, ack 229, win 64012, length 38
19:15:31.855784 IP 151.101.61.91.443 > 172.16.243.131.58740: Flags [.], ack 976, win 64240, length 0
19:15:31.861506 IP 151.101.61.91.443 > 172.16.243.131.58740: Flags [P.], seq 229:1170, ack 976, win 64240, length 941
19:15:31.864690 IP 172.16.243.131.58740 > 151.101.61.91.443: Flags [P.], seq 976:1112, ack 1170, win 63071, length 136
19:15:31.865101 IP 151.101.61.91.443 > 172.16.243.131.58740: Flags [.], ack 1112, win 64240, length 0
19:15:31.877266 IP 151.101.61.91.443 > 172.16.243.131.58740: Flags [P.], seq 1170:1572, ack 1112, win 64240, length 402
19:15:31.917495 IP 172.16.243.131.58740 > 151.101.61.91.443: Flags [.], ack 1572, win 62669, length 0
19:15:33.070538 IP 172.16.243.131.55557 > 185.125.190.56.123: NTPv4, Client, length 48
19:15:38.660078 IP 104.18.39.21.443 > 172.16.243.131.39208: Flags [P.], seq 72:224, ack 85, win 64240, length 152
19:15:38.700443 IP 172.16.243.131.39208 > 104.18.39.21.443: Flags [.], ack 224, win 65535, length 0
19:15:50.435905 IP 104.18.39.21.443 > 172.16.243.131.39208: Flags [P.], seq 224:248, ack 85, win 64240, length 24
19:15:50.435989 IP 172.16.243.131.39208 > 104.18.39.21.443: Flags [.], ack 248, win 65535, length 0
19:15:50.436292 IP 172.16.243.131.39208 > 104.18.39.21.443: Flags [P.], seq 85:113, ack 248, win 65535, length 28
19:15:50.436649 IP 104.18.39.21.443 > 172.16.243.131.39208: Flags [.], ack 113, win 64240, length 0
19:16:10.507226 IP 104.18.39.21.443 > 172.16.243.131.39208: Flags [P.], seq 248:272, ack 113, win 64240, length 24
19:16:10.507960 IP 172.16.243.131.39208 > 104.18.39.21.443: Flags [P.], seq 113:141, ack 272, win 65535, length 28
19:16:10.508524 IP 104.18.39.21.443 > 172.16.243.131.39208: Flags [.], ack 141, win 64240, length 0
19:16:23.726735 IP 172.16.243.131.58738 > 151.101.61.91.443: Flags [P.], seq 3025:3064, ack 13337, win 65535, length 39
19:16:23.727359 IP 151.101.61.91.443 > 172.16.243.131.58738: Flags [.], ack 3064, win 64240, length 0
19:16:23.737482 IP 151.101.61.91.443 > 172.16.243.131.58738: Flags [P.], seq 13337:13376, ack 3064, win 64240, length 39
19:16:23.737659 IP 172.16.243.131.58738 > 151.101.61.91.443: Flags [.], ack 13376, win 65535, length 0
19:16:24.927738 IP 172.16.243.1.4444 > 172.16.243.131.44580: Flags [P.], seq 1982837141:1982837146, ack 3349943112, win 509, options [nop,nop,TS val 1901717952 ecr 1434886922], length 5
19:16:24.928234 IP 172.16.243.131.44580 > 172.16.243.1.4444: Flags [P.], seq 1:5, ack 5, win 63, options [nop,nop,TS val 1435469265 ecr 1901717952], length 4
19:16:24.928485 IP 172.16.243.1.4444 > 172.16.243.131.44580: Flags [.], ack 5, win 509, options [nop,nop,TS val 1901717953 ecr 1435469265], length 0
19:16:24.929687 IP 172.16.243.131.44580 > 172.16.243.1.4444: Flags [P.], seq 5:11, ack 5, win 63, options [nop,nop,TS val 1435469267 ecr 1901717953], length 6
19:16:24.929840 IP 172.16.243.1.4444 > 172.16.243.131.44580: Flags [.], ack 11, win 509, options [nop,nop,TS val 1901717955 ecr 1435469267], length 0
19:16:27.657778 IP 172.16.243.1.4444 > 172.16.243.131.44580: Flags [P.], seq 5:6, ack 11, win 509, options [nop,nop,TS val 1901720682 ecr 1435469267], length 1
19:16:27.658659 IP 172.16.243.131.44580 > 172.16.243.1.4444: Flags [F.], seq 11, ack 6, win 63, options [nop,nop,TS val 1435471996 ecr 1901720682], length 0
19:16:27.659159 IP 172.16.243.1.4444 > 172.16.243.131.44580: Flags [F.], seq 6, ack 12, win 509, options [nop,nop,TS val 1901720684 ecr 1435471996], length 0
19:16:27.659210 IP 172.16.243.131.44580 > 172.16.243.1.4444: Flags [.], ack 7, win 63, options [nop,nop,TS val 1435471996 ecr 1901720684], length 0
19:16:28.765277 IP 172.16.243.131.57548 > 34.107.243.93.443: Flags [P.], seq 2713:2752, ack 862, win 63379, length 39
19:16:28.766151 IP 34.107.243.93.443 > 172.16.243.131.57548: Flags [.], ack 2752, win 64240, length 0
19:16:28.772195 IP 34.107.243.93.443 > 172.16.243.131.57548: Flags [P.], seq 862:901, ack 2752, win 64240, length 39
19:16:28.772362 IP 172.16.243.131.57548 > 34.107.243.93.443: Flags [.], ack 901, win 63340, length 0
19:16:30.475371 IP 104.18.39.21.443 > 172.16.243.131.39208: Flags [P.], seq 272:296, ack 141, win 64240, length 24
19:16:30.475875 IP 172.16.243.131.39208 > 104.18.39.21.443: Flags [P.], seq 141:169, ack 296, win 65535, length 28
19:16:30.476433 IP 104.18.39.21.443 > 172.16.243.131.39208: Flags [.], ack 169, win 64240, length 0
19:16:30.770225 IP 172.16.243.131.58740 > 151.101.61.91.443: Flags [P.], seq 1112:1158, ack 1572, win 62669, length 46
19:16:30.771130 IP 151.101.61.91.443 > 172.16.243.131.58740: Flags [.], ack 1158, win 64240, length 0
19:16:30.786047 IP 151.101.61.91.443 > 172.16.243.131.58740: Flags [P.], seq 1572:1618, ack 1158, win 64240, length 46
19:16:30.786164 IP 172.16.243.131.58740 > 151.101.61.91.443: Flags [.], ack 1618, win 62623, length 0
19:16:50.443683 IP 104.18.39.21.443 > 172.16.243.131.39208: Flags [P.], seq 296:320, ack 169, win 64240, length 24
19:16:50.444178 IP 172.16.243.131.39208 > 104.18.39.21.443: Flags [P.], seq 169:197, ack 320, win 65535, length 28
19:16:50.444647 IP 104.18.39.21.443 > 172.16.243.131.39208: Flags [.], ack 197, win 64240, length 0
19:16:58.544075 IP 172.16.243.1.37629 > 239.255.255.250.1900: UDP, length 173
19:16:59.545347 IP 172.16.243.1.37629 > 239.255.255.250.1900: UDP, length 173
19:17:00.546814 IP 172.16.243.1.37629 > 239.255.255.250.1900: UDP, length 173
19:17:01.547569 IP 172.16.243.1.37629 > 239.255.255.250.1900: UDP, length 173
19:17:10.051072 IP 172.16.243.131.46720 > 172.16.243.1.4444: Flags [S], seq 1213184164, win 64240, options [mss 1460,sackOK,TS val 1435514388 ecr 0,nop,wscale 10], length 0
19:17:10.051195 IP 172.16.243.1.4444 > 172.16.243.131.46720: Flags [S.], seq 1864921093, ack 1213184165, win 65160, options [mss 1460,sackOK,TS val 1901763076 ecr 1435514388,nop,wscale 7], length 0
19:17:10.051228 IP 172.16.243.131.46720 > 172.16.243.1.4444: Flags [.], ack 1, win 63, options [nop,nop,TS val 1435514388 ecr 1901763076], length 0
19:17:10.055978 IP 172.16.243.131.46720 > 172.16.243.1.4444: Flags [P.], seq 1:69, ack 1, win 63, options [nop,nop,TS val 1435514393 ecr 1901763076], length 68
19:17:10.056066 IP 172.16.243.1.4444 > 172.16.243.131.46720: Flags [.], ack 69, win 509, options [nop,nop,TS val 1901763081 ecr 1435514393], length 0
19:17:10.412734 IP 104.18.39.21.443 > 172.16.243.131.39208: Flags [P.], seq 320:344, ack 197, win 64240, length 24
19:17:10.413185 IP 172.16.243.131.39208 > 104.18.39.21.443: Flags [P.], seq 197:225, ack 344, win 65535, length 28
19:17:10.413929 IP 104.18.39.21.443 > 172.16.243.131.39208: Flags [.], ack 225, win 64240, length 0
19:17:15.231230 ARP, Request who-has 172.16.243.131 tell 172.16.243.1, length 46
19:17:15.231270 ARP, Reply 172.16.243.131 is-at 00:0c:29:07:71:cd, length 28
19:17:15.531544 ARP, Request who-has 172.16.243.1 tell 172.16.243.131, length 28
19:17:15.531949 ARP, Reply 172.16.243.1 is-at 00:50:56:c0:00:08, length 46
19:17:16.694284 IP 172.16.243.1.4444 > 172.16.243.131.46720: Flags [P.], seq 1:5, ack 69, win 509, options [nop,nop,TS val 1901769719 ecr 1435514393], length 4
19:17:16.694404 IP 172.16.243.131.46720 > 172.16.243.1.4444: Flags [.], ack 5, win 63, options [nop,nop,TS val 1435521032 ecr 1901769719], length 0
19:17:16.695080 IP 172.16.243.131.46720 > 172.16.243.1.4444: Flags [P.], seq 69:73, ack 5, win 63, options [nop,nop,TS val 1435521032 ecr 1901769719], length 4
19:17:16.695204 IP 172.16.243.1.4444 > 172.16.243.131.46720: Flags [.], ack 73, win 509, options [nop,nop,TS val 1901769720 ecr 1435521032], length 0
19:17:16.695263 IP 172.16.243.131.46720 > 172.16.243.1.4444: Flags [P.], seq 73:155, ack 5, win 63, options [nop,nop,TS val 1435521032 ecr 1901769720], length 82
19:17:16.695388 IP 172.16.243.1.4444 > 172.16.243.131.46720: Flags [.], ack 155, win 509, options [nop,nop,TS val 1901769720 ecr 1435521032], length 0
19:17:17.962433 IP 172.16.243.1.4444 > 172.16.243.131.46720: Flags [P.], seq 5:8, ack 155, win 509, options [nop,nop,TS val 1901770987 ecr 1435521032], length 3
19:17:17.963636 IP 172.16.243.131.46720 > 172.16.243.1.4444: Flags [P.], seq 155:158, ack 8, win 63, options [nop,nop,TS val 1435522301 ecr 1901770987], length 3
19:17:17.963834 IP 172.16.243.1.4444 > 172.16.243.131.46720: Flags [.], ack 158, win 509, options [nop,nop,TS val 1901770989 ecr 1435522301], length 0
19:17:17.966986 IP 172.16.243.131.46720 > 172.16.243.1.4444: Flags [P.], seq 158:230, ack 8, win 63, options [nop,nop,TS val 1435522304 ecr 1901770989], length 72
19:17:17.967194 IP 172.16.243.1.4444 > 172.16.243.131.46720: Flags [.], ack 230, win 509, options [nop,nop,TS val 1901770992 ecr 1435522304], length 0
19:17:17.967932 IP 172.16.243.131.46720 > 172.16.243.1.4444: Flags [P.], seq 230:298, ack 8, win 63, options [nop,nop,TS val 1435522305 ecr 1901770992], length 68
19:17:17.968163 IP 172.16.243.1.4444 > 172.16.243.131.46720: Flags [.], ack 298, win 509, options [nop,nop,TS val 1901770993 ecr 1435522305], length 0
19:17:21.721659 IP 172.16.243.1.4444 > 172.16.243.131.46720: Flags [P.], seq 8:15, ack 298, win 509, options [nop,nop,TS val 1901774746 ecr 1435522305], length 7
19:17:21.722910 IP 172.16.243.131.46720 > 172.16.243.1.4444: Flags [P.], seq 298:305, ack 15, win 63, options [nop,nop,TS val 1435526060 ecr 1901774746], length 7
19:17:21.723116 IP 172.16.243.1.4444 > 172.16.243.131.46720: Flags [.], ack 305, win 509, options [nop,nop,TS val 1901774748 ecr 1435526060], length 0
19:17:21.725383 IP 172.16.243.131.46720 > 172.16.243.1.4444: Flags [P.], seq 305:313, ack 15, win 63, options [nop,nop,TS val 1435526063 ecr 1901774748], length 8
19:17:21.725537 IP 172.16.243.1.4444 > 172.16.243.131.46720: Flags [.], ack 313, win 509, options [nop,nop,TS val 1901774750 ecr 1435526063], length 0
19:17:21.726257 IP 172.16.243.131.46720 > 172.16.243.1.4444: Flags [P.], seq 313:381, ack 15, win 63, options [nop,nop,TS val 1435526063 ecr 1901774750], length 68
19:17:21.726446 IP 172.16.243.1.4444 > 172.16.243.131.46720: Flags [.], ack 381, win 509, options [nop,nop,TS val 1901774751 ecr 1435526063], length 0
19:17:21.932209 IP 172.16.243.131.58738 > 151.101.61.91.443: Flags [P.], seq 3064:3103, ack 13376, win 65535, length 39
19:17:21.933217 IP 151.101.61.91.443 > 172.16.243.131.58738: Flags [.], ack 3103, win 64240, length 0
19:17:21.943187 IP 151.101.61.91.443 > 172.16.243.131.58738: Flags [P.], seq 13376:13415, ack 3103, win 64240, length 39
19:17:21.943283 IP 172.16.243.131.58738 > 151.101.61.91.443: Flags [.], ack 13415, win 65535, length 0
19:17:24.900049 IP 172.16.243.1.4444 > 172.16.243.131.46720: Flags [P.], seq 15:22, ack 381, win 509, options [nop,nop,TS val 1901777924 ecr 1435526063], length 7
19:17:24.900654 IP 172.16.243.131.46720 > 172.16.243.1.4444: Flags [P.], seq 381:387, ack 22, win 63, options [nop,nop,TS val 1435529238 ecr 1901777924], length 6
19:17:24.901020 IP 172.16.243.1.4444 > 172.16.243.131.46720: Flags [.], ack 387, win 509, options [nop,nop,TS val 1901777926 ecr 1435529238], length 0
19:17:24.901473 IP 172.16.243.131.46720 > 172.16.243.1.4444: Flags [P.], seq 387:388, ack 22, win 63, options [nop,nop,TS val 1435529239 ecr 1901777926], length 1
19:17:24.901635 IP 172.16.243.1.4444 > 172.16.243.131.46720: Flags [.], ack 388, win 509, options [nop,nop,TS val 1901777927 ecr 1435529239], length 0
19:17:24.918092 IP 172.16.243.131.46720 > 172.16.243.1.4444: Flags [P.], seq 388:4484, ack 22, win 63, options [nop,nop,TS val 1435529255 ecr 1901777927], length 4096
19:17:24.918196 IP 172.16.243.1.4444 > 172.16.243.131.46720: Flags [.], ack 1836, win 501, options [nop,nop,TS val 1901777943 ecr 1435529255], length 0
19:17:24.918196 IP 172.16.243.1.4444 > 172.16.243.131.46720: Flags [.], ack 3284, win 495, options [nop,nop,TS val 1901777943 ecr 1435529255], length 0
19:17:24.918196 IP 172.16.243.1.4444 > 172.16.243.131.46720: Flags [.], ack 4484, win 486, options [nop,nop,TS val 1901777943 ecr 1435529255], length 0
19:17:24.918275 IP 172.16.243.131.46720 > 172.16.243.1.4444: Flags [P.], seq 4484:8580, ack 22, win 63, options [nop,nop,TS val 1435529255 ecr 1901777943], length 4096
19:17:24.918343 IP 172.16.243.1.4444 > 172.16.243.131.46720: Flags [.], ack 5932, win 501, options [nop,nop,TS val 1901777943 ecr 1435529255], length 0
19:17:24.918344 IP 172.16.243.1.4444 > 172.16.243.131.46720: Flags [.], ack 7380, win 495, options [nop,nop,TS val 1901777943 ecr 1435529255], length 0
19:17:24.918344 IP 172.16.243.1.4444 > 172.16.243.131.46720: Flags [.], ack 8580, win 501, options [nop,nop,TS val 1901777943 ecr 1435529255], length 0
19:17:24.918420 IP 172.16.243.131.46720 > 172.16.243.1.4444: Flags [P.], seq 8580:12676, ack 22, win 63, options [nop,nop,TS val 1435529256 ecr 1901777943], length 4096
19:17:24.918453 IP 172.16.243.1.4444 > 172.16.243.131.46720: Flags [.], ack 10028, win 501, options [nop,nop,TS val 1901777943 ecr 1435529256], length 0
19:17:24.918453 IP 172.16.243.1.4444 > 172.16.243.131.46720: Flags [.], ack 11476, win 495, options [nop,nop,TS val 1901777943 ecr 1435529256], length 0
19:17:24.918453 IP 172.16.243.1.4444 > 172.16.243.131.46720: Flags [.], ack 12676, win 501, options [nop,nop,TS val 1901777943 ecr 1435529256], length 0
19:17:24.918534 IP 172.16.243.131.46720 > 172.16.243.1.4444: Flags [P.], seq 12676:16772, ack 22, win 63, options [nop,nop,TS val 1435529256 ecr 1901777943], length 4096
19:17:24.918561 IP 172.16.243.1.4444 > 172.16.243.131.46720: Flags [.], ack 14124, win 501, options [nop,nop,TS val 1901777944 ecr 1435529256], length 0
19:17:24.918561 IP 172.16.243.1.4444 > 172.16.243.131.46720: Flags [.], ack 15572, win 495, options [nop,nop,TS val 1901777944 ecr 1435529256], length 0
19:17:24.918561 IP 172.16.243.1.4444 > 172.16.243.131.46720: Flags [.], ack 16772, win 488, options [nop,nop,TS val 1901777944 ecr 1435529256], length 0
19:17:24.918625 IP 172.16.243.131.46720 > 172.16.243.1.4444: Flags [P.], seq 16772:20868, ack 22, win 63, options [nop,nop,TS val 1435529256 ecr 1901777944], length 4096
19:17:24.918650 IP 172.16.243.1.4444 > 172.16.243.131.46720: Flags [.], ack 18220, win 501, options [nop,nop,TS val 1901777944 ecr 1435529256], length 0
19:17:24.918650 IP 172.16.243.1.4444 > 172.16.243.131.46720: Flags [.], ack 19668, win 495, options [nop,nop,TS val 1901777944 ecr 1435529256], length 0
19:17:24.918718 IP 172.16.243.131.46720 > 172.16.243.1.4444: Flags [P.], seq 20868:23764, ack 22, win 63, options [nop,nop,TS val 1435529256 ecr 1901777944], length 2896
19:17:24.918740 IP 172.16.243.1.4444 > 172.16.243.131.46720: Flags [.], ack 20868, win 501, options [nop,nop,TS val 1901777944 ecr 1435529256], length 0
19:17:24.918745 IP 172.16.243.131.46720 > 172.16.243.1.4444: Flags [P.], seq 23764:24964, ack 22, win 63, options [nop,nop,TS val 1435529256 ecr 1901777944], length 1200
19:17:24.918827 IP 172.16.243.131.46720 > 172.16.243.1.4444: Flags [P.], seq 24964:27860, ack 22, win 63, options [nop,nop,TS val 1435529256 ecr 1901777944], length 2896
19:17:24.918847 IP 172.16.243.1.4444 > 172.16.243.131.46720: Flags [.], ack 24964, win 501, options [nop,nop,TS val 1901777944 ecr 1435529256], length 0
19:17:24.918853 IP 172.16.243.131.46720 > 172.16.243.1.4444: Flags [P.], seq 27860:29060, ack 22, win 63, options [nop,nop,TS val 1435529256 ecr 1901777944], length 1200
19:17:24.918939 IP 172.16.243.131.46720 > 172.16.243.1.4444: Flags [P.], seq 29060:31956, ack 22, win 63, options [nop,nop,TS val 1435529256 ecr 1901777944], length 2896
19:17:24.918998 IP 172.16.243.1.4444 > 172.16.243.131.46720: Flags [.], ack 29060, win 501, options [nop,nop,TS val 1901777944 ecr 1435529256], length 0
19:17:24.918998 IP 172.16.243.1.4444 > 172.16.243.131.46720: Flags [.], ack 31956, win 501, options [nop,nop,TS val 1901777944 ecr 1435529256], length 0
19:17:24.919002 IP 172.16.243.131.46720 > 172.16.243.1.4444: Flags [P.], seq 31956:33156, ack 22, win 63, options [nop,nop,TS val 1435529256 ecr 1901777944], length 1200
19:17:24.919162 IP 172.16.243.131.46720 > 172.16.243.1.4444: Flags [.], seq 33156:34604, ack 22, win 63, options [nop,nop,TS val 1435529256 ecr 1901777944], length 1448
19:17:24.919191 IP 172.16.243.1.4444 > 172.16.243.131.46720: Flags [.], ack 33156, win 501, options [nop,nop,TS val 1901777944 ecr 1435529256], length 0
19:17:24.919191 IP 172.16.243.1.4444 > 172.16.243.131.46720: Flags [.], ack 34604, win 524, options [nop,nop,TS val 1901777944 ecr 1435529256], length 0
19:17:24.919200 IP 172.16.243.131.46720 > 172.16.243.1.4444: Flags [P.], seq 34604:35527, ack 22, win 63, options [nop,nop,TS val 1435529256 ecr 1901777944], length 923
19:17:24.919221 IP 172.16.243.1.4444 > 172.16.243.131.46720: Flags [.], ack 35527, win 546, options [nop,nop,TS val 1901777944 ecr 1435529256], length 0
19:17:24.919668 IP 172.16.243.131.46720 > 172.16.243.1.4444: Flags [P.], seq 35527:35595, ack 22, win 63, options [nop,nop,TS val 1435529257 ecr 1901777944], length 68
19:17:24.919810 IP 172.16.243.1.4444 > 172.16.243.131.46720: Flags [.], ack 35595, win 546, options [nop,nop,TS val 1901777945 ecr 1435529257], length 0
19:17:26.934257 IP 172.16.243.131.57548 > 34.107.243.93.443: Flags [P.], seq 2752:2791, ack 901, win 63340, length 39
19:17:26.935153 IP 34.107.243.93.443 > 172.16.243.131.57548: Flags [.], ack 2791, win 64240, length 0
19:17:26.945211 IP 34.107.243.93.443 > 172.16.243.131.57548: Flags [P.], seq 901:940, ack 2791, win 64240, length 39
19:17:26.945332 IP 172.16.243.131.57548 > 34.107.243.93.443: Flags [.], ack 940, win 63301, length 0
19:17:28.936593 IP 172.16.243.131.58740 > 151.101.61.91.443: Flags [P.], seq 1158:1204, ack 1618, win 62623, length 46
19:17:28.937466 IP 151.101.61.91.443 > 172.16.243.131.58740: Flags [.], ack 1204, win 64240, length 0
19:17:28.945310 IP 151.101.61.91.443 > 172.16.243.131.58740: Flags [P.], seq 1618:1664, ack 1204, win 64240, length 46
19:17:28.945419 IP 172.16.243.131.58740 > 151.101.61.91.443: Flags [.], ack 1664, win 62577, length 0
19:17:29.502531 IP 172.16.243.1.4444 > 172.16.243.131.46720: Flags [P.], seq 22:31, ack 35595, win 546, options [nop,nop,TS val 1901782527 ecr 1435529257], length 9
19:17:29.503639 IP 172.16.243.131.46720 > 172.16.243.1.4444: Flags [P.], seq 35595:35604, ack 31, win 63, options [nop,nop,TS val 1435533841 ecr 1901782527], length 9
19:17:29.503796 IP 172.16.243.1.4444 > 172.16.243.131.46720: Flags [.], ack 35604, win 546, options [nop,nop,TS val 1901782529 ecr 1435533841], length 0
19:17:29.505916 IP 172.16.243.131.46720 > 172.16.243.1.4444: Flags [P.], seq 35604:35622, ack 31, win 63, options [nop,nop,TS val 1435533843 ecr 1901782529], length 18
19:17:29.506029 IP 172.16.243.1.4444 > 172.16.243.131.46720: Flags [.], ack 35622, win 546, options [nop,nop,TS val 1901782531 ecr 1435533843], length 0
19:17:29.506734 IP 172.16.243.131.46720 > 172.16.243.1.4444: Flags [P.], seq 35622:35690, ack 31, win 63, options [nop,nop,TS val 1435533844 ecr 1901782531], length 68
19:17:29.507006 IP 172.16.243.1.4444 > 172.16.243.131.46720: Flags [.], ack 35690, win 546, options [nop,nop,TS val 1901782532 ecr 1435533844], length 0
19:17:30.381423 IP 104.18.39.21.443 > 172.16.243.131.39208: Flags [P.], seq 344:368, ack 225, win 64240, length 24
19:17:30.381719 IP 172.16.243.131.39208 > 104.18.39.21.443: Flags [P.], seq 225:253, ack 368, win 65535, length 28
19:17:30.382287 IP 104.18.39.21.443 > 172.16.243.131.39208: Flags [.], ack 253, win 64240, length 0
19:17:36.111076 IP 172.16.243.131.46720 > 172.16.243.1.4444: Flags [P.], seq 35690:35691, ack 31, win 63, options [nop,nop,TS val 1435540448 ecr 1901782532], length 1
19:17:36.111284 IP 172.16.243.1.4444 > 172.16.243.131.46720: Flags [.], ack 35691, win 546, options [nop,nop,TS val 1901789136 ecr 1435540448], length 0
19:17:36.111489 IP 172.16.243.131.46720 > 172.16.243.1.4444: Flags [P.], seq 35691:35759, ack 31, win 63, options [nop,nop,TS val 1435540449 ecr 1901789136], length 68
19:17:36.111614 IP 172.16.243.1.4444 > 172.16.243.131.46720: Flags [.], ack 35759, win 546, options [nop,nop,TS val 1901789137 ecr 1435540449], length 0
19:17:44.471321 IP 172.16.243.1.4444 > 172.16.243.131.46720: Flags [P.], seq 31:36, ack 35759, win 546, options [nop,nop,TS val 1901797496 ecr 1435540449], length 5
19:17:44.471717 IP 172.16.243.131.46720 > 172.16.243.1.4444: Flags [P.], seq 35759:35763, ack 36, win 63, options [nop,nop,TS val 1435548809 ecr 1901797496], length 4
19:17:44.471948 IP 172.16.243.1.4444 > 172.16.243.131.46720: Flags [.], ack 35763, win 546, options [nop,nop,TS val 1901797497 ecr 1435548809], length 0
19:17:44.472465 IP 172.16.243.131.46720 > 172.16.243.1.4444: Flags [P.], seq 35763:35769, ack 36, win 63, options [nop,nop,TS val 1435548810 ecr 1901797497], length 6
19:17:44.472692 IP 172.16.243.1.4444 > 172.16.243.131.46720: Flags [.], ack 35769, win 546, options [nop,nop,TS val 1901797498 ecr 1435548810], length 0
19:17:46.313235 IP 172.16.243.1.4444 > 172.16.243.131.46720: Flags [P.], seq 36:37, ack 35769, win 546, options [nop,nop,TS val 1901799338 ecr 1435548810], length 1
19:17:46.314019 IP 172.16.243.131.46720 > 172.16.243.1.4444: Flags [F.], seq 35769, ack 37, win 63, options [nop,nop,TS val 1435550651 ecr 1901799338], length 0
19:17:46.314512 IP 172.16.243.1.4444 > 172.16.243.131.46720: Flags [F.], seq 37, ack 35770, win 546, options [nop,nop,TS val 1901799339 ecr 1435550651], length 0
19:17:46.314594 IP 172.16.243.131.46720 > 172.16.243.1.4444: Flags [.], ack 38, win 63, options [nop,nop,TS val 1435550652 ecr 1901799339], length 0
19:17:50.656074 IP 104.18.39.21.443 > 172.16.243.131.39208: Flags [P.], seq 368:392, ack 253, win 64240, length 24
19:17:50.656399 IP 172.16.243.131.39208 > 104.18.39.21.443: Flags [P.], seq 253:281, ack 392, win 65535, length 28
19:17:50.656682 IP 104.18.39.21.443 > 172.16.243.131.39208: Flags [.], ack 281, win 64240, length 0
19:18:05.580124 IP 172.16.243.131.39914 > 172.16.243.2.53: 61551+ [1au] AAAA? connectivity-check.ubuntu.com. (58)
19:18:05.599536 IP 172.16.243.2.53 > 172.16.243.131.39914: 61551 6/0/1 AAAA 2620:2d:4000:1::1100, AAAA 2620:2d:4000:1::1101, AAAA 2620:2d:4002:1::197, AAAA 2620:2d:4002:1::198, AAAA 2620:2d:4000:1::1099, AAAA 2620:2d:4002:1::196 (226)
19:18:10.418990 IP 104.18.39.21.443 > 172.16.243.131.39208: Flags [P.], seq 392:416, ack 281, win 64240, length 24
19:18:10.419543 IP 172.16.243.131.39208 > 104.18.39.21.443: Flags [P.], seq 281:309, ack 416, win 65535, length 28
19:18:10.420259 IP 104.18.39.21.443 > 172.16.243.131.39208: Flags [.], ack 309, win 64240, length 0
19:18:15.581715 IP 172.16.243.131.58738 > 151.101.61.91.443: Flags [P.], seq 3103:3142, ack 13415, win 65535, length 39
19:18:15.581987 IP 151.101.61.91.443 > 172.16.243.131.58738: Flags [.], ack 3142, win 64240, length 0
19:18:15.582630 IP 172.16.243.131.58738 > 151.101.61.91.443: Flags [P.], seq 3142:3166, ack 13415, win 65535, length 24
19:18:15.582693 IP 172.16.243.131.58738 > 151.101.61.91.443: Flags [F.], seq 3166, ack 13415, win 65535, length 0
19:18:15.582737 IP 151.101.61.91.443 > 172.16.243.131.58738: Flags [.], ack 3166, win 64240, length 0
19:18:15.582787 IP 151.101.61.91.443 > 172.16.243.131.58738: Flags [.], ack 3167, win 64239, length 0
19:18:15.586770 IP 151.101.61.91.443 > 172.16.243.131.58738: Flags [FP.], seq 13415:13439, ack 3167, win 64239, length 24
19:18:15.586813 IP 172.16.243.131.58738 > 151.101.61.91.443: Flags [R], seq 172158517, win 0, length 0
19:18:20.584286 IP 172.16.243.131.57548 > 34.107.243.93.443: Flags [P.], seq 2791:2830, ack 940, win 63301, length 39
19:18:20.584994 IP 34.107.243.93.443 > 172.16.243.131.57548: Flags [.], ack 2830, win 64240, length 0
19:18:20.585550 IP 172.16.243.131.57548 > 34.107.243.93.443: Flags [P.], seq 2830:2854, ack 940, win 63301, length 24
19:18:20.585674 IP 172.16.243.131.57548 > 34.107.243.93.443: Flags [F.], seq 2854, ack 940, win 63301, length 0
19:18:20.585770 IP 34.107.243.93.443 > 172.16.243.131.57548: Flags [.], ack 2854, win 64240, length 0
19:18:20.585967 IP 34.107.243.93.443 > 172.16.243.131.57548: Flags [.], ack 2855, win 64239, length 0
19:18:20.594119 IP 34.107.243.93.443 > 172.16.243.131.57548: Flags [FP.], seq 940, ack 2855, win 64239, length 0
19:18:20.594176 IP 172.16.243.131.57548 > 34.107.243.93.443: Flags [.], ack 941, win 63301, length 0
19:18:22.587189 IP 172.16.243.131.58740 > 151.101.61.91.443: Flags [P.], seq 1204:1250, ack 1664, win 62577, length 46
19:18:22.587796 IP 151.101.61.91.443 > 172.16.243.131.58740: Flags [.], ack 1250, win 64240, length 0
19:18:22.588496 IP 172.16.243.131.58740 > 151.101.61.91.443: Flags [P.], seq 1250:1281, ack 1664, win 62577, length 31
19:18:22.588775 IP 172.16.243.131.58740 > 151.101.61.91.443: Flags [F.], seq 1281, ack 1664, win 62577, length 0
19:18:22.588892 IP 151.101.61.91.443 > 172.16.243.131.58740: Flags [.], ack 1281, win 64240, length 0
19:18:22.589273 IP 151.101.61.91.443 > 172.16.243.131.58740: Flags [.], ack 1282, win 64239, length 0
19:18:22.593851 IP 151.101.61.91.443 > 172.16.243.131.58740: Flags [P.], seq 1664:1695, ack 1282, win 64239, length 31
19:18:22.593944 IP 172.16.243.131.58740 > 151.101.61.91.443: Flags [R], seq 1880158495, win 0, length 0
19:18:22.594078 IP 151.101.61.91.443 > 172.16.243.131.58740: Flags [FP.], seq 1695, ack 1282, win 64239, length 0
19:18:22.594104 IP 172.16.243.131.58740 > 151.101.61.91.443: Flags [R], seq 1880158495, win 0, length 0
19:18:25.709103 IP 172.16.243.131.57118 > 172.16.243.1.4444: Flags [S], seq 1282847962, win 64240, options [mss 1460,sackOK,TS val 1435590046 ecr 0,nop,wscale 10], length 0
19:18:25.709281 IP 172.16.243.1.4444 > 172.16.243.131.57118: Flags [S.], seq 2499527416, ack 1282847963, win 65160, options [mss 1460,sackOK,TS val 1901838734 ecr 1435590046,nop,wscale 7], length 0
19:18:25.709338 IP 172.16.243.131.57118 > 172.16.243.1.4444: Flags [.], ack 1, win 63, options [nop,nop,TS val 1435590047 ecr 1901838734], length 0
19:18:25.722651 IP 172.16.243.131.57118 > 172.16.243.1.4444: Flags [P.], seq 1:69, ack 1, win 63, options [nop,nop,TS val 1435590060 ecr 1901838734], length 68
19:18:25.722780 IP 172.16.243.1.4444 > 172.16.243.131.57118: Flags [.], ack 69, win 509, options [nop,nop,TS val 1901838748 ecr 1435590060], length 0
19:18:30.489624 IP 104.18.39.21.443 > 172.16.243.131.39208: Flags [P.], seq 416:440, ack 309, win 64240, length 24
19:18:30.490151 IP 172.16.243.131.39208 > 104.18.39.21.443: Flags [P.], seq 309:337, ack 440, win 65535, length 28
19:18:30.490816 IP 104.18.39.21.443 > 172.16.243.131.39208: Flags [.], ack 337, win 64240, length 0
19:18:30.751174 ARP, Request who-has 172.16.243.131 tell 172.16.243.1, length 46
19:18:30.751227 ARP, Reply 172.16.243.131 is-at 00:0c:29:07:71:cd, length 28
19:18:30.795863 ARP, Request who-has 172.16.243.1 tell 172.16.243.131, length 28
19:18:30.796454 ARP, Reply 172.16.243.1 is-at 00:50:56:c0:00:08, length 46
19:18:35.898980 IP 172.16.243.1.4444 > 172.16.243.131.57118: Flags [P.], seq 1:12, ack 69, win 509, options [nop,nop,TS val 1901848923 ecr 1435590060], length 11
19:18:35.899121 IP 172.16.243.131.57118 > 172.16.243.1.4444: Flags [.], ack 12, win 63, options [nop,nop,TS val 1435600236 ecr 1901848923], length 0
19:18:35.900955 IP 172.16.243.131.57118 > 172.16.243.1.4444: Flags [P.], seq 69:80, ack 12, win 63, options [nop,nop,TS val 1435600238 ecr 1901848923], length 11
19:18:35.901237 IP 172.16.243.1.4444 > 172.16.243.131.57118: Flags [.], ack 80, win 509, options [nop,nop,TS val 1901848926 ecr 1435600238], length 0
19:18:35.901287 IP 172.16.243.131.57118 > 172.16.243.1.4444: Flags [P.], seq 80:164, ack 12, win 63, options [nop,nop,TS val 1435600238 ecr 1901848926], length 84
19:18:35.901421 IP 172.16.243.1.4444 > 172.16.243.131.57118: Flags [.], ack 164, win 509, options [nop,nop,TS val 1901848926 ecr 1435600238], length 0
19:18:37.160975 IP 172.16.243.1.4444 > 172.16.243.131.57118: Flags [P.], seq 12:15, ack 164, win 509, options [nop,nop,TS val 1901850186 ecr 1435600238], length 3
19:18:37.161596 IP 172.16.243.131.57118 > 172.16.243.1.4444: Flags [P.], seq 164:167, ack 15, win 63, options [nop,nop,TS val 1435601499 ecr 1901850186], length 3
19:18:37.161791 IP 172.16.243.1.4444 > 172.16.243.131.57118: Flags [.], ack 167, win 509, options [nop,nop,TS val 1901850187 ecr 1435601499], length 0
19:18:37.164856 IP 172.16.243.131.57118 > 172.16.243.1.4444: Flags [P.], seq 167:174, ack 15, win 63, options [nop,nop,TS val 1435601502 ecr 1901850187], length 7
19:18:37.165050 IP 172.16.243.1.4444 > 172.16.243.131.57118: Flags [.], ack 174, win 509, options [nop,nop,TS val 1901850190 ecr 1435601502], length 0
19:18:37.165359 IP 172.16.243.131.57118 > 172.16.243.1.4444: Flags [P.], seq 174:258, ack 15, win 63, options [nop,nop,TS val 1435601503 ecr 1901850190], length 84
19:18:37.165475 IP 172.16.243.1.4444 > 172.16.243.131.57118: Flags [.], ack 258, win 509, options [nop,nop,TS val 1901850190 ecr 1435601503], length 0
19:18:42.790994 IP 172.16.243.1.4444 > 172.16.243.131.57118: Flags [P.], seq 15:26, ack 258, win 509, options [nop,nop,TS val 1901855815 ecr 1435601503], length 11
19:18:42.791729 IP 172.16.243.131.57118 > 172.16.243.1.4444: Flags [P.], seq 258:268, ack 26, win 63, options [nop,nop,TS val 1435607129 ecr 1901855815], length 10
19:18:42.792085 IP 172.16.243.1.4444 > 172.16.243.131.57118: Flags [.], ack 268, win 509, options [nop,nop,TS val 1901855817 ecr 1435607129], length 0
19:18:42.793035 IP 172.16.243.131.57118 > 172.16.243.1.4444: Flags [P.], seq 268:269, ack 26, win 63, options [nop,nop,TS val 1435607130 ecr 1901855817], length 1
19:18:42.793224 IP 172.16.243.1.4444 > 172.16.243.131.57118: Flags [.], ack 269, win 509, options [nop,nop,TS val 1901855818 ecr 1435607130], length 0
19:18:42.794818 IP 172.16.243.131.57118 > 172.16.243.1.4444: Flags [P.], seq 269:316, ack 26, win 63, options [nop,nop,TS val 1435607132 ecr 1901855818], length 47
19:18:42.794999 IP 172.16.243.1.4444 > 172.16.243.131.57118: Flags [.], ack 316, win 509, options [nop,nop,TS val 1901855820 ecr 1435607132], length 0
19:18:42.795344 IP 172.16.243.131.57118 > 172.16.243.1.4444: Flags [P.], seq 316:400, ack 26, win 63, options [nop,nop,TS val 1435607133 ecr 1901855820], length 84
19:18:42.795581 IP 172.16.243.1.4444 > 172.16.243.131.57118: Flags [.], ack 400, win 509, options [nop,nop,TS val 1901855820 ecr 1435607133], length 0
19:18:47.405724 IP 172.16.243.1.4444 > 172.16.243.131.57118: Flags [P.], seq 26:32, ack 400, win 509, options [nop,nop,TS val 1901860430 ecr 1435607133], length 6
19:18:47.406691 IP 172.16.243.131.57118 > 172.16.243.1.4444: Flags [P.], seq 400:474, ack 32, win 63, options [nop,nop,TS val 1435611744 ecr 1901860430], length 74
19:18:47.407052 IP 172.16.243.1.4444 > 172.16.243.131.57118: Flags [.], ack 474, win 509, options [nop,nop,TS val 1901860432 ecr 1435611744], length 0
19:18:49.829057 IP 172.16.243.1.4444 > 172.16.243.131.57118: Flags [P.], seq 32:35, ack 474, win 509, options [nop,nop,TS val 1901862854 ecr 1435611744], length 3
19:18:49.829584 IP 172.16.243.131.57118 > 172.16.243.1.4444: Flags [P.], seq 474:476, ack 35, win 63, options [nop,nop,TS val 1435614167 ecr 1901862854], length 2
19:18:49.829901 IP 172.16.243.1.4444 > 172.16.243.131.57118: Flags [.], ack 476, win 509, options [nop,nop,TS val 1901862855 ecr 1435614167], length 0
19:18:49.830366 IP 172.16.243.131.57118 > 172.16.243.1.4444: Flags [P.], seq 476:477, ack 35, win 63, options [nop,nop,TS val 1435614168 ecr 1901862855], length 1
19:18:49.830516 IP 172.16.243.1.4444 > 172.16.243.131.57118: Flags [.], ack 477, win 509, options [nop,nop,TS val 1901862855 ecr 1435614168], length 0
19:18:49.833124 IP 172.16.243.131.57118 > 172.16.243.1.4444: Flags [P.], seq 477:549, ack 35, win 63, options [nop,nop,TS val 1435614170 ecr 1901862855], length 72
19:18:49.833281 IP 172.16.243.1.4444 > 172.16.243.131.57118: Flags [.], ack 549, win 509, options [nop,nop,TS val 1901862858 ecr 1435614170], length 0
19:18:49.834059 IP 172.16.243.131.57118 > 172.16.243.1.4444: Flags [P.], seq 549:617, ack 35, win 63, options [nop,nop,TS val 1435614171 ecr 1901862858], length 68
19:18:49.834413 IP 172.16.243.1.4444 > 172.16.243.131.57118: Flags [.], ack 617, win 509, options [nop,nop,TS val 1901862859 ecr 1435614171], length 0
19:18:50.457515 IP 104.18.39.21.443 > 172.16.243.131.39208: Flags [P.], seq 440:464, ack 337, win 64240, length 24
19:18:50.457880 IP 172.16.243.131.39208 > 104.18.39.21.443: Flags [P.], seq 337:365, ack 464, win 65535, length 28
19:18:50.458287 IP 104.18.39.21.443 > 172.16.243.131.39208: Flags [.], ack 365, win 64240, length 0
19:18:52.734602 IP 172.16.243.1.4444 > 172.16.243.131.57118: Flags [P.], seq 35:39, ack 617, win 509, options [nop,nop,TS val 1901865759 ecr 1435614171], length 4
19:18:52.735125 IP 172.16.243.131.57118 > 172.16.243.1.4444: Flags [P.], seq 617:703, ack 39, win 63, options [nop,nop,TS val 1435617072 ecr 1901865759], length 86
19:18:52.735344 IP 172.16.243.1.4444 > 172.16.243.131.57118: Flags [.], ack 703, win 509, options [nop,nop,TS val 1901865760 ecr 1435617072], length 0
19:18:58.545738 IP 172.16.243.1.35235 > 239.255.255.250.1900: UDP, length 173
19:18:59.547606 IP 172.16.243.1.35235 > 239.255.255.250.1900: UDP, length 173
19:19:00.549470 IP 172.16.243.1.35235 > 239.255.255.250.1900: UDP, length 173
19:19:01.554046 IP 172.16.243.1.35235 > 239.255.255.250.1900: UDP, length 173
19:19:10.425768 IP 104.18.39.21.443 > 172.16.243.131.39208: Flags [P.], seq 464:488, ack 365, win 64240, length 24
19:19:10.426124 IP 172.16.243.131.39208 > 104.18.39.21.443: Flags [P.], seq 365:393, ack 488, win 65535, length 28
19:19:10.434608 IP 104.18.39.21.443 > 172.16.243.131.39208: Flags [.], ack 393, win 64240, length 0
19:19:18.972539 IP 172.16.243.1.4444 > 172.16.243.131.57118: Flags [P.], seq 39:52, ack 703, win 509, options [nop,nop,TS val 1901891997 ecr 1435617072], length 13
19:19:18.972978 IP 172.16.243.131.57118 > 172.16.243.1.4444: Flags [P.], seq 703:715, ack 52, win 63, options [nop,nop,TS val 1435643310 ecr 1901891997], length 12
19:19:18.973384 IP 172.16.243.1.4444 > 172.16.243.131.57118: Flags [.], ack 715, win 509, options [nop,nop,TS val 1901891998 ecr 1435643310], length 0
19:19:18.973673 IP 172.16.243.131.57118 > 172.16.243.1.4444: Flags [P.], seq 715:790, ack 52, win 63, options [nop,nop,TS val 1435643311 ecr 1901891998], length 75
19:19:18.973864 IP 172.16.243.1.4444 > 172.16.243.131.57118: Flags [.], ack 790, win 509, options [nop,nop,TS val 1901891999 ecr 1435643311], length 0
19:19:24.043662 ARP, Request who-has 172.16.243.1 tell 172.16.243.131, length 28
19:19:24.044039 ARP, Reply 172.16.243.1 is-at 00:50:56:c0:00:08, length 46
19:19:30.394250 IP 104.18.39.21.443 > 172.16.243.131.39208: Flags [P.], seq 488:512, ack 393, win 64240, length 24
19:19:30.394754 IP 172.16.243.131.39208 > 104.18.39.21.443: Flags [P.], seq 393:421, ack 512, win 65535, length 28
19:19:30.395462 IP 104.18.39.21.443 > 172.16.243.131.39208: Flags [.], ack 421, win 64240, length 0
19:19:35.452496 IP 172.16.243.1.4444 > 172.16.243.131.57118: Flags [P.], seq 52:57, ack 790, win 509, options [nop,nop,TS val 1901908477 ecr 1435643311], length 5
19:19:35.452991 IP 172.16.243.131.57118 > 172.16.243.1.4444: Flags [P.], seq 790:794, ack 57, win 63, options [nop,nop,TS val 1435659790 ecr 1901908477], length 4
19:19:35.453335 IP 172.16.243.1.4444 > 172.16.243.131.57118: Flags [.], ack 794, win 509, options [nop,nop,TS val 1901908478 ecr 1435659790], length 0
19:19:35.453584 IP 172.16.243.131.57118 > 172.16.243.1.4444: Flags [P.], seq 794:800, ack 57, win 63, options [nop,nop,TS val 1435659791 ecr 1901908478], length 6
19:19:35.453833 IP 172.16.243.1.4444 > 172.16.243.131.57118: Flags [.], ack 800, win 509, options [nop,nop,TS val 1901908479 ecr 1435659791], length 0
19:19:35.554297 IP 172.16.243.131.53010 > 172.16.243.2.53: 38782+ [1au] A? connectivity-check.ubuntu.com. (58)
19:19:35.573474 ARP, Request who-has 172.16.243.131 tell 172.16.243.2, length 46
19:19:35.573510 ARP, Reply 172.16.243.131 is-at 00:0c:29:07:71:cd, length 28
19:19:35.574035 IP 172.16.243.2.53 > 172.16.243.131.53010: 38782 6/0/1 A 185.125.190.100, A 91.189.91.96, A 91.189.91.98, A 185.125.190.101, A 91.189.91.97, A 185.125.190.99 (154)
19:19:35.575765 IP 172.16.243.131.34990 > 185.125.190.100.80: Flags [S], seq 3684562154, win 64240, options [mss 1460,sackOK,TS val 2530140957 ecr 0,nop,wscale 10], length 0
19:19:35.581235 IP 185.125.190.100.80 > 172.16.243.131.34990: Flags [S.], seq 1930356942, ack 3684562155, win 64240, options [mss 1460], length 0
19:19:35.581371 IP 172.16.243.131.34990 > 185.125.190.100.80: Flags [.], ack 1, win 64240, length 0
19:19:35.581559 IP 172.16.243.131.34990 > 185.125.190.100.80: Flags [P.], seq 1:89, ack 1, win 64240, length 88: HTTP: GET / HTTP/1.1
19:19:35.582224 IP 185.125.190.100.80 > 172.16.243.131.34990: Flags [.], ack 89, win 64240, length 0
19:19:35.589796 IP 185.125.190.100.80 > 172.16.243.131.34990: Flags [FP.], seq 1:186, ack 89, win 64240, length 185: HTTP: HTTP/1.1 204 No Content
19:19:35.590643 IP 172.16.243.131.34990 > 185.125.190.100.80: Flags [F.], seq 89, ack 187, win 64054, length 0
19:19:35.591323 IP 185.125.190.100.80 > 172.16.243.131.34990: Flags [.], ack 90, win 64239, length 0
